Decode error at '.a.b': Invalid value: bad value: true