Invalid table key: "a.b"
  Table defined in inline array at "a"
