Invalid table key: "a.b"
  Table already statically defined at "a"
