Could not add value to path "a.b":
  Existing value: true
  Value to set: 1
